{
  "version": "1.5.0",
  "plugins_used": [
    {
      "name": "ArtifactoryDetector"
    },
    {
      "name": "AWSKeyDetector"
    },
    {
      "name": "AzureStorageKeyDetector"
    },
    {
      "name": "Base64HighEntropyString",
      "limit": 4.5
    },
    {
      "name": "BasicAuthDetector"
    },
    {
      "name": "CloudantDetector"
    },
    {
      "name": "DiscordBotTokenDetector"
    },
    {
      "name": "GitHubTokenDetector"
    },
    {
      "name": "GitLabTokenDetector"
    },
    {
      "name": "HexHighEntropyString",
      "limit": 3.0
    },
    {
      "name": "IbmCloudIamDetector"
    },
    {
      "name": "IbmCosHmacDetector"
    },
    {
      "name": "IPPublicDetector"
    },
    {
      "name": "JwtTokenDetector"
    },
    {
      "name": "KeywordDetector",
      "keyword_exclude": ""
    },
    {
      "name": "MailchimpDetector"
    },
    {
      "name": "NpmDetector"
    },
    {
      "name": "OpenAIDetector"
    },
    {
      "name": "PrivateKeyDetector"
    },
    {
      "name": "PypiTokenDetector"
    },
    {
      "name": "SendGridDetector"
    },
    {
      "name": "SlackDetector"
    },
    {
      "name": "SoftlayerDetector"
    },
    {
      "name": "SquareOAuthDetector"
    },
    {
      "name": "StripeDetector"
    },
    {
      "name": "TelegramBotTokenDetector"
    },
    {
      "name": "TwilioKeyDetector"
    }
  ],
  "filters_used": [
    {
      "path": "detect_secrets.filters.allowlist.is_line_allowlisted"
    },
    {
      "path": "detect_secrets.filters.common.is_ignored_due_to_verification_policies",
      "min_level": 2
    },
    {
      "path": "detect_secrets.filters.heuristic.is_indirect_reference"
    },
    {
      "path": "detect_secrets.filters.heuristic.is_likely_id_string"
    },
    {
      "path": "detect_secrets.filters.heuristic.is_lock_file"
    },
    {
      "path": "detect_secrets.filters.heuristic.is_not_alphanumeric_string"
    },
    {
      "path": "detect_secrets.filters.heuristic.is_potential_uuid"
    },
    {
      "path": "detect_secrets.filters.heuristic.is_prefixed_with_dollar_sign"
    },
    {
      "path": "detect_secrets.filters.heuristic.is_sequential_string"
    },
    {
      "path": "detect_secrets.filters.heuristic.is_swagger_file"
    },
    {
      "path": "detect_secrets.filters.heuristic.is_templated_secret"
    },
    {
      "path": "detect_secrets.filters.regex.should_exclude_file",
      "pattern": [
        "(\\.git|\\.venv|logs/.*|\\.log$|\\.gz$|\\.pytest_cache/.*|\\.secrets.baseline)"
      ]
    }
  ],
  "results": {
    "tests/conftest.py": [
      {
        "type": "Secret Keyword",
        "filename": "tests/conftest.py",
        "hashed_secret": "3acfb2c2b433c0ea7ff107e33df91b18e52f960f",
        "is_verified": false,
        "line_number": 11
      }
    ],
    "tests/test_api/test_admin_auth.py": [
      {
        "type": "Secret Keyword",
        "filename": "tests/test_api/test_admin_auth.py",
        "hashed_secret": "7953747604ceaee69d7fac89fcc2f2e4424a190f",
        "is_verified": false,
        "line_number": 9
      }
    ],
    "tests/test_api/test_messaging.py": [
      {
        "type": "Secret Keyword",
        "filename": "tests/test_api/test_messaging.py",
        "hashed_secret": "7953747604ceaee69d7fac89fcc2f2e4424a190f",
        "is_verified": false,
        "line_number": 22
      },
      {
        "type": "Secret Keyword",
        "filename": "tests/test_api/test_messaging.py",
        "hashed_secret": "72cb70dbbafe97e5ea13ad88acd65d08389439b0",
        "is_verified": false,
        "line_number": 49
      }
    ],
    "tests/test_api/test_webhook.py": [
      {
        "type": "Secret Keyword",
        "filename": "tests/test_api/test_webhook.py",
        "hashed_secret": "7953747604ceaee69d7fac89fcc2f2e4424a190f",
        "is_verified": false,
        "line_number": 19
      },
      {
        "type": "Secret Keyword",
        "filename": "tests/test_api/test_webhook.py",
        "hashed_secret": "72cb70dbbafe97e5ea13ad88acd65d08389439b0",
        "is_verified": false,
        "line_number": 38
      },
      {
        "type": "Secret Keyword",
        "filename": "tests/test_api/test_webhook.py",
        "hashed_secret": "eaaea6825537574e525986983cdbf1462e56de54",
        "is_verified": false,
        "line_number": 230
      },
      {
        "type": "Secret Keyword",
        "filename": "tests/test_api/test_webhook.py",
        "hashed_secret": "7585d1f7ceb90fd0b1ab42d0a6ca39fcf55065c7",
        "is_verified": false,
        "line_number": 827
      },
      {
        "type": "Secret Keyword",
        "filename": "tests/test_api/test_webhook.py",
        "hashed_secret": "752cb354d4d101b52581dc820d6fa3f29e87a776",
        "is_verified": false,
        "line_number": 866
      }
    ],
    "tests/test_api/test_webhook_endpoint.py": [
      {
        "type": "Secret Keyword",
        "filename": "tests/test_api/test_webhook_endpoint.py",
        "hashed_secret": "5dcbdf371f181b9b7a41a4be7be70f8cbee67da7",
        "is_verified": false,
        "line_number": 65
      }
    ],
    "tests/test_bot/test_callback_data_manager.py": [
      {
        "type": "Base64 High Entropy String",
        "filename": "tests/test_bot/test_callback_data_manager.py",
        "hashed_secret": "242d1f28f6ccb2d7871f7116519b42bb5e79462f",
        "is_verified": false,
        "line_number": 40
      }
    ],
    "tests/test_preflight/test_checks.py": [
      {
        "type": "Secret Keyword",
        "filename": "tests/test_preflight/test_checks.py",
        "hashed_secret": "18230074e0613b14a4399853f09b6c303e838188",
        "is_verified": false,
        "line_number": 118
      }
    ],
    "tests/test_services/test_link_service.py": [
      {
        "type": "Secret Keyword",
        "filename": "tests/test_services/test_link_service.py",
        "hashed_secret": "767ef7376d44bb6e52b390ddcd12c1cb1b3902a4",
        "is_verified": false,
        "line_number": 76
      },
      {
        "type": "Secret Keyword",
        "filename": "tests/test_services/test_link_service.py",
        "hashed_secret": "00942f4668670f34c5943cf52c7ef3139fe2b8d6",
        "is_verified": false,
        "line_number": 163
      }
    ],
    "tests/test_services/test_voice_service.py": [
      {
        "type": "Secret Keyword",
        "filename": "tests/test_services/test_voice_service.py",
        "hashed_secret": "2e7a7ee14caebf378fc32d6cf6f557f347c96773",
        "is_verified": false,
        "line_number": 63
      },
      {
        "type": "Secret Keyword",
        "filename": "tests/test_services/test_voice_service.py",
        "hashed_secret": "ed65c049bb2f78ee4f703b2158ba9cc6ea31fb7e",
        "is_verified": false,
        "line_number": 97
      },
      {
        "type": "Secret Keyword",
        "filename": "tests/test_services/test_voice_service.py",
        "hashed_secret": "3acfb2c2b433c0ea7ff107e33df91b18e52f960f",
        "is_verified": false,
        "line_number": 120
      }
    ],
    "tests/test_utils/test_ngrok_utils.py": [
      {
        "type": "Secret Keyword",
        "filename": "tests/test_utils/test_ngrok_utils.py",
        "hashed_secret": "7585d1f7ceb90fd0b1ab42d0a6ca39fcf55065c7",
        "is_verified": false,
        "line_number": 516
      },
      {
        "type": "Secret Keyword",
        "filename": "tests/test_utils/test_ngrok_utils.py",
        "hashed_secret": "f2b14f68eb995facb3a1c35287b778d5bd785511",
        "is_verified": false,
        "line_number": 836
      },
      {
        "type": "Secret Keyword",
        "filename": "tests/test_utils/test_ngrok_utils.py",
        "hashed_secret": "c2d433eba631c1b7f7f2b17a215c73a13c73c3ec",
        "is_verified": false,
        "line_number": 1202
      },
      {
        "type": "Secret Keyword",
        "filename": "tests/test_utils/test_ngrok_utils.py",
        "hashed_secret": "e5e9fa1ba31ecd1ae84f75caaa474f3a663f05f4",
        "is_verified": false,
        "line_number": 1232
      }
    ],
    "tests/test_utils/test_session_emoji.py": [
      {
        "type": "Hex High Entropy String",
        "filename": "tests/test_utils/test_session_emoji.py",
        "hashed_secret": "ff998abc1ce6d8f01a675fa197368e44c8916e9c",
        "is_verified": false,
        "line_number": 214
      }
    ],
    "tests/test_utils/test_subprocess_helper.py": [
      {
        "type": "Secret Keyword",
        "filename": "tests/test_utils/test_subprocess_helper.py",
        "hashed_secret": "e48c47f1431afd3bb030deea266b4309e2228c5b",
        "is_verified": false,
        "line_number": 119
      }
    ]
  },
  "generated_at": "2026-02-01T21:45:50Z"
}
